// Jest Snapshot v1, https://goo.gl/fbAQLP

exports[`The AwsSchoolAppTemplate stack matches the snapshot 1`] = `
{
  "Metadata": {
    "gu:cdk:constructs": [
      "GuVpcParameter",
      "GuSubnetListParameter",
      "GuSubnetListParameter",
      "GuPlayApp",
      "GuCertificate",
      "GuInstanceRole",
      "GuDescribeEC2Policy",
      "GuLoggingStreamNameParameter",
      "GuLogShippingPolicy",
      "GuDistributionBucketParameter",
      "GuGetDistributablePolicy",
      "GuParameterStoreReadPolicy",
      "GuAmiParameter",
      "GuHttpsEgressSecurityGroup",
      "GuWazuhAccess",
      "GuAutoScalingGroup",
      "GuApplicationLoadBalancer",
      "GuApplicationTargetGroup",
      "GuHttpsApplicationListener",
    ],
    "gu:cdk:version": "TEST",
  },
  "Outputs": {
    "LoadBalancerAwsschoolapptemplateDnsName": {
      "Description": "DNS entry for LoadBalancerAwsschoolapptemplate",
      "Value": {
        "Fn::GetAtt": [
          "LoadBalancerAwsschoolapptemplateEDF0974E",
          "DNSName",
        ],
      },
    },
  },
  "Parameters": {
    "AMIAwsschoolapptemplate": {
      "Description": "Amazon Machine Image ID for the app aws-school-app-template. Use this in conjunction with AMIgo to keep AMIs up to date.",
      "Type": "AWS::EC2::Image::Id",
    },
    "DistributionBucketName": {
      "Default": "/account/services/artifact.bucket",
      "Description": "SSM parameter containing the S3 bucket name holding distribution artifacts",
      "Type": "AWS::SSM::Parameter::Value<String>",
    },
    "LoggingStreamName": {
      "Default": "/account/services/logging.stream.name",
      "Description": "SSM parameter containing the Name (not ARN) on the kinesis stream",
      "Type": "AWS::SSM::Parameter::Value<String>",
    },
    "VpcId": {
      "Default": "/account/vpc/primary/id",
      "Description": "Virtual Private Cloud to run EC2 instances within. Should NOT be the account default VPC.",
      "Type": "AWS::SSM::Parameter::Value<AWS::EC2::VPC::Id>",
    },
    "awsschoolapptemplatePrivateSubnets": {
      "Default": "/account/vpc/primary/subnets/private",
      "Description": "A list of private subnets",
      "Type": "AWS::SSM::Parameter::Value<List<AWS::EC2::Subnet::Id>>",
    },
    "awsschoolapptemplatePublicSubnets": {
      "Default": "/account/vpc/primary/subnets/public",
      "Description": "A list of public subnets",
      "Type": "AWS::SSM::Parameter::Value<List<AWS::EC2::Subnet::Id>>",
    },
  },
  "Resources": {
    "AutoScalingGroupAwsschoolapptemplateASGF0038046": {
      "Properties": {
        "HealthCheckGracePeriod": 120,
        "HealthCheckType": "ELB",
        "LaunchTemplate": {
          "LaunchTemplateId": {
            "Ref": "playgroundTESTawsschoolapptemplate30FBFE88",
          },
          "Version": {
            "Fn::GetAtt": [
              "playgroundTESTawsschoolapptemplate30FBFE88",
              "LatestVersionNumber",
            ],
          },
        },
        "MaxSize": "4",
        "MinSize": "2",
        "Tags": [
          {
            "Key": "App",
            "PropagateAtLaunch": true,
            "Value": "aws-school-app-template",
          },
          {
            "Key": "gu:cdk:version",
            "PropagateAtLaunch": true,
            "Value": "TEST",
          },
          {
            "Key": "gu:repo",
            "PropagateAtLaunch": true,
            "Value": "guardian/aws-school-app-template",
          },
          {
            "Key": "LogKinesisStreamName",
            "PropagateAtLaunch": true,
            "Value": {
              "Ref": "LoggingStreamName",
            },
          },
          {
            "Key": "Stack",
            "PropagateAtLaunch": true,
            "Value": "playground",
          },
          {
            "Key": "Stage",
            "PropagateAtLaunch": true,
            "Value": "TEST",
          },
          {
            "Key": "SystemdUnit",
            "PropagateAtLaunch": true,
            "Value": "aws-school-app-template.service",
          },
        ],
        "TargetGroupARNs": [
          {
            "Ref": "TargetGroupAwsschoolapptemplateB4B93E87",
          },
        ],
        "VPCZoneIdentifier": {
          "Ref": "awsschoolapptemplatePrivateSubnets",
        },
      },
      "Type": "AWS::AutoScaling::AutoScalingGroup",
    },
    "CertificateAwsschoolapptemplate2CBE9D9F": {
      "DeletionPolicy": "Retain",
      "Properties": {
        "DomainName": "simple-example.gutools.co.uk",
        "Tags": [
          {
            "Key": "App",
            "Value": "aws-school-app-template",
          },
          {
            "Key": "gu:cdk:version",
            "Value": "TEST",
          },
          {
            "Key": "gu:repo",
            "Value": "guardian/aws-school-app-template",
          },
          {
            "Key": "Name",
            "Value": "AwsSchoolAppTemplate/CertificateAwsschoolapptemplate",
          },
          {
            "Key": "Stack",
            "Value": "playground",
          },
          {
            "Key": "Stage",
            "Value": "TEST",
          },
        ],
        "ValidationMethod": "DNS",
      },
      "Type": "AWS::CertificateManager::Certificate",
      "UpdateReplacePolicy": "Retain",
    },
    "DescribeEC2PolicyFF5F9295": {
      "Properties": {
        "PolicyDocument": {
          "Statement": [
            {
              "Action": [
                "autoscaling:DescribeAutoScalingInstances",
                "autoscaling:DescribeAutoScalingGroups",
                "ec2:DescribeTags",
                "ec2:DescribeInstances",
              ],
              "Effect": "Allow",
              "Resource": "*",
            },
          ],
          "Version": "2012-10-17",
        },
        "PolicyName": "describe-ec2-policy",
        "Roles": [
          {
            "Ref": "InstanceRoleAwsschoolapptemplate25CCC0C2",
          },
        ],
      },
      "Type": "AWS::IAM::Policy",
    },
    "GetDistributablePolicyAwsschoolapptemplate8205ADB3": {
      "Properties": {
        "PolicyDocument": {
          "Statement": [
            {
              "Action": "s3:GetObject",
              "Effect": "Allow",
              "Resource": {
                "Fn::Join": [
                  "",
                  [
                    "arn:aws:s3:::",
                    {
                      "Ref": "DistributionBucketName",
                    },
                    "/playground/TEST/aws-school-app-template/*",
                  ],
                ],
              },
            },
          ],
          "Version": "2012-10-17",
        },
        "PolicyName": "GetDistributablePolicyAwsschoolapptemplate8205ADB3",
        "Roles": [
          {
            "Ref": "InstanceRoleAwsschoolapptemplate25CCC0C2",
          },
        ],
      },
      "Type": "AWS::IAM::Policy",
    },
    "GuHttpsEgressSecurityGroupAwsschoolapptemplateEAE36FD4": {
      "Properties": {
        "GroupDescription": "Allow all outbound HTTPS traffic",
        "SecurityGroupEgress": [
          {
            "CidrIp": "0.0.0.0/0",
            "Description": "Allow all outbound HTTPS traffic",
            "FromPort": 443,
            "IpProtocol": "tcp",
            "ToPort": 443,
          },
        ],
        "Tags": [
          {
            "Key": "App",
            "Value": "aws-school-app-template",
          },
          {
            "Key": "gu:cdk:version",
            "Value": "TEST",
          },
          {
            "Key": "gu:repo",
            "Value": "guardian/aws-school-app-template",
          },
          {
            "Key": "Stack",
            "Value": "playground",
          },
          {
            "Key": "Stage",
            "Value": "TEST",
          },
        ],
        "VpcId": {
          "Ref": "VpcId",
        },
      },
      "Type": "AWS::EC2::SecurityGroup",
    },
    "GuHttpsEgressSecurityGroupAwsschoolapptemplatefromAwsSchoolAppTemplateLoadBalancerAwsschoolapptemplateSecurityGroup5DD3AA8890004DEC9B35": {
      "Properties": {
        "Description": "Load balancer to target",
        "FromPort": 9000,
        "GroupId": {
          "Fn::GetAtt": [
            "GuHttpsEgressSecurityGroupAwsschoolapptemplateEAE36FD4",
            "GroupId",
          ],
        },
        "IpProtocol": "tcp",
        "SourceSecurityGroupId": {
          "Fn::GetAtt": [
            "LoadBalancerAwsschoolapptemplateSecurityGroup30C27FA5",
            "GroupId",
          ],
        },
        "ToPort": 9000,
      },
      "Type": "AWS::EC2::SecurityGroupIngress",
    },
    "GuLogShippingPolicy981BFE5A": {
      "Properties": {
        "PolicyDocument": {
          "Statement": [
            {
              "Action": [
                "kinesis:Describe*",
                "kinesis:Put*",
              ],
              "Effect": "Allow",
              "Resource": {
                "Fn::Join": [
                  "",
                  [
                    "arn:aws:kinesis:",
                    {
                      "Ref": "AWS::Region",
                    },
                    ":",
                    {
                      "Ref": "AWS::AccountId",
                    },
                    ":stream/",
                    {
                      "Ref": "LoggingStreamName",
                    },
                  ],
                ],
              },
            },
          ],
          "Version": "2012-10-17",
        },
        "PolicyName": "GuLogShippingPolicy981BFE5A",
        "Roles": [
          {
            "Ref": "InstanceRoleAwsschoolapptemplate25CCC0C2",
          },
        ],
      },
      "Type": "AWS::IAM::Policy",
    },
    "InstanceRoleAwsschoolapptemplate25CCC0C2": {
      "Properties": {
        "AssumeRolePolicyDocument": {
          "Statement": [
            {
              "Action": "sts:AssumeRole",
              "Effect": "Allow",
              "Principal": {
                "Service": "ec2.amazonaws.com",
              },
            },
          ],
          "Version": "2012-10-17",
        },
        "ManagedPolicyArns": [
          {
            "Fn::Join": [
              "",
              [
                "arn:",
                {
                  "Ref": "AWS::Partition",
                },
                ":iam::aws:policy/AmazonSSMManagedInstanceCore",
              ],
            ],
          },
        ],
        "Path": "/",
        "Tags": [
          {
            "Key": "App",
            "Value": "aws-school-app-template",
          },
          {
            "Key": "gu:cdk:version",
            "Value": "TEST",
          },
          {
            "Key": "gu:repo",
            "Value": "guardian/aws-school-app-template",
          },
          {
            "Key": "Stack",
            "Value": "playground",
          },
          {
            "Key": "Stage",
            "Value": "TEST",
          },
        ],
      },
      "Type": "AWS::IAM::Role",
    },
    "ListenerAwsschoolapptemplate74F95FC2": {
      "Properties": {
        "Certificates": [
          {
            "CertificateArn": {
              "Ref": "CertificateAwsschoolapptemplate2CBE9D9F",
            },
          },
        ],
        "DefaultActions": [
          {
            "TargetGroupArn": {
              "Ref": "TargetGroupAwsschoolapptemplateB4B93E87",
            },
            "Type": "forward",
          },
        ],
        "LoadBalancerArn": {
          "Ref": "LoadBalancerAwsschoolapptemplateEDF0974E",
        },
        "Port": 443,
        "Protocol": "HTTPS",
      },
      "Type": "AWS::ElasticLoadBalancingV2::Listener",
    },
    "LoadBalancerAwsschoolapptemplateEDF0974E": {
      "Properties": {
        "LoadBalancerAttributes": [
          {
            "Key": "deletion_protection.enabled",
            "Value": "true",
          },
        ],
        "Scheme": "internet-facing",
        "SecurityGroups": [
          {
            "Fn::GetAtt": [
              "LoadBalancerAwsschoolapptemplateSecurityGroup30C27FA5",
              "GroupId",
            ],
          },
        ],
        "Subnets": {
          "Ref": "awsschoolapptemplatePublicSubnets",
        },
        "Tags": [
          {
            "Key": "App",
            "Value": "aws-school-app-template",
          },
          {
            "Key": "gu:cdk:version",
            "Value": "TEST",
          },
          {
            "Key": "gu:repo",
            "Value": "guardian/aws-school-app-template",
          },
          {
            "Key": "Stack",
            "Value": "playground",
          },
          {
            "Key": "Stage",
            "Value": "TEST",
          },
        ],
        "Type": "application",
      },
      "Type": "AWS::ElasticLoadBalancingV2::LoadBalancer",
    },
    "LoadBalancerAwsschoolapptemplateSecurityGroup30C27FA5": {
      "Properties": {
        "GroupDescription": "Automatically created Security Group for ELB AwsSchoolAppTemplateLoadBalancerAwsschoolapptemplateACBAE748",
        "SecurityGroupIngress": [
          {
            "CidrIp": "0.0.0.0/0",
            "Description": "Allow from anyone on port 443",
            "FromPort": 443,
            "IpProtocol": "tcp",
            "ToPort": 443,
          },
        ],
        "Tags": [
          {
            "Key": "App",
            "Value": "aws-school-app-template",
          },
          {
            "Key": "gu:cdk:version",
            "Value": "TEST",
          },
          {
            "Key": "gu:repo",
            "Value": "guardian/aws-school-app-template",
          },
          {
            "Key": "Stack",
            "Value": "playground",
          },
          {
            "Key": "Stage",
            "Value": "TEST",
          },
        ],
        "VpcId": {
          "Ref": "VpcId",
        },
      },
      "Type": "AWS::EC2::SecurityGroup",
    },
    "LoadBalancerAwsschoolapptemplateSecurityGrouptoAwsSchoolAppTemplateGuHttpsEgressSecurityGroupAwsschoolapptemplate299744C29000484AF28A": {
      "Properties": {
        "Description": "Load balancer to target",
        "DestinationSecurityGroupId": {
          "Fn::GetAtt": [
            "GuHttpsEgressSecurityGroupAwsschoolapptemplateEAE36FD4",
            "GroupId",
          ],
        },
        "FromPort": 9000,
        "GroupId": {
          "Fn::GetAtt": [
            "LoadBalancerAwsschoolapptemplateSecurityGroup30C27FA5",
            "GroupId",
          ],
        },
        "IpProtocol": "tcp",
        "ToPort": 9000,
      },
      "Type": "AWS::EC2::SecurityGroupEgress",
    },
    "LoadBalancerAwsschoolapptemplateSecurityGrouptoAwsSchoolAppTemplateWazuhSecurityGroup7D77BF0F9000AB74228B": {
      "Properties": {
        "Description": "Load balancer to target",
        "DestinationSecurityGroupId": {
          "Fn::GetAtt": [
            "WazuhSecurityGroup",
            "GroupId",
          ],
        },
        "FromPort": 9000,
        "GroupId": {
          "Fn::GetAtt": [
            "LoadBalancerAwsschoolapptemplateSecurityGroup30C27FA5",
            "GroupId",
          ],
        },
        "IpProtocol": "tcp",
        "ToPort": 9000,
      },
      "Type": "AWS::EC2::SecurityGroupEgress",
    },
    "ParameterStoreReadAwsschoolapptemplateA9C7C1AE": {
      "Properties": {
        "PolicyDocument": {
          "Statement": [
            {
              "Action": "ssm:GetParametersByPath",
              "Effect": "Allow",
              "Resource": {
                "Fn::Join": [
                  "",
                  [
                    "arn:aws:ssm:",
                    {
                      "Ref": "AWS::Region",
                    },
                    ":",
                    {
                      "Ref": "AWS::AccountId",
                    },
                    ":parameter/TEST/playground/aws-school-app-template",
                  ],
                ],
              },
            },
            {
              "Action": [
                "ssm:GetParameters",
                "ssm:GetParameter",
              ],
              "Effect": "Allow",
              "Resource": {
                "Fn::Join": [
                  "",
                  [
                    "arn:aws:ssm:",
                    {
                      "Ref": "AWS::Region",
                    },
                    ":",
                    {
                      "Ref": "AWS::AccountId",
                    },
                    ":parameter/TEST/playground/aws-school-app-template/*",
                  ],
                ],
              },
            },
          ],
          "Version": "2012-10-17",
        },
        "PolicyName": "parameter-store-read-policy",
        "Roles": [
          {
            "Ref": "InstanceRoleAwsschoolapptemplate25CCC0C2",
          },
        ],
      },
      "Type": "AWS::IAM::Policy",
    },
    "TargetGroupAwsschoolapptemplateB4B93E87": {
      "Properties": {
        "HealthCheckIntervalSeconds": 10,
        "HealthCheckPath": "/healthcheck",
        "HealthCheckProtocol": "HTTP",
        "HealthCheckTimeoutSeconds": 5,
        "HealthyThresholdCount": 5,
        "Port": 9000,
        "Protocol": "HTTP",
        "Tags": [
          {
            "Key": "App",
            "Value": "aws-school-app-template",
          },
          {
            "Key": "gu:cdk:version",
            "Value": "TEST",
          },
          {
            "Key": "gu:repo",
            "Value": "guardian/aws-school-app-template",
          },
          {
            "Key": "Stack",
            "Value": "playground",
          },
          {
            "Key": "Stage",
            "Value": "TEST",
          },
        ],
        "TargetGroupAttributes": [
          {
            "Key": "deregistration_delay.timeout_seconds",
            "Value": "30",
          },
          {
            "Key": "stickiness.enabled",
            "Value": "false",
          },
        ],
        "TargetType": "instance",
        "UnhealthyThresholdCount": 2,
        "VpcId": {
          "Ref": "VpcId",
        },
      },
      "Type": "AWS::ElasticLoadBalancingV2::TargetGroup",
    },
    "WazuhSecurityGroup": {
      "Properties": {
        "GroupDescription": "Allow outbound traffic from wazuh agent to manager",
        "SecurityGroupEgress": [
          {
            "CidrIp": "0.0.0.0/0",
            "Description": "Wazuh event logging",
            "FromPort": 1514,
            "IpProtocol": "tcp",
            "ToPort": 1514,
          },
          {
            "CidrIp": "0.0.0.0/0",
            "Description": "Wazuh agent registration",
            "FromPort": 1515,
            "IpProtocol": "tcp",
            "ToPort": 1515,
          },
        ],
        "Tags": [
          {
            "Key": "gu:cdk:version",
            "Value": "TEST",
          },
          {
            "Key": "gu:repo",
            "Value": "guardian/aws-school-app-template",
          },
          {
            "Key": "Stack",
            "Value": "playground",
          },
          {
            "Key": "Stage",
            "Value": "TEST",
          },
        ],
        "VpcId": {
          "Ref": "VpcId",
        },
      },
      "Type": "AWS::EC2::SecurityGroup",
    },
    "WazuhSecurityGroupfromAwsSchoolAppTemplateLoadBalancerAwsschoolapptemplateSecurityGroup5DD3AA889000E4DE4F53": {
      "Properties": {
        "Description": "Load balancer to target",
        "FromPort": 9000,
        "GroupId": {
          "Fn::GetAtt": [
            "WazuhSecurityGroup",
            "GroupId",
          ],
        },
        "IpProtocol": "tcp",
        "SourceSecurityGroupId": {
          "Fn::GetAtt": [
            "LoadBalancerAwsschoolapptemplateSecurityGroup30C27FA5",
            "GroupId",
          ],
        },
        "ToPort": 9000,
      },
      "Type": "AWS::EC2::SecurityGroupIngress",
    },
    "playgroundTESTawsschoolapptemplate30FBFE88": {
      "Properties": {
        "LaunchTemplateData": {
          "IamInstanceProfile": {
            "Arn": {
              "Fn::GetAtt": [
                "playgroundTESTawsschoolapptemplateProfile10DFD863",
                "Arn",
              ],
            },
          },
          "ImageId": {
            "Ref": "AMIAwsschoolapptemplate",
          },
          "InstanceType": "t4g.nano",
          "MetadataOptions": {
            "HttpTokens": "required",
          },
          "SecurityGroupIds": [
            {
              "Fn::GetAtt": [
                "GuHttpsEgressSecurityGroupAwsschoolapptemplateEAE36FD4",
                "GroupId",
              ],
            },
            {
              "Fn::GetAtt": [
                "WazuhSecurityGroup",
                "GroupId",
              ],
            },
          ],
          "TagSpecifications": [
            {
              "ResourceType": "instance",
              "Tags": [
                {
                  "Key": "gu:cdk:version",
                  "Value": "TEST",
                },
                {
                  "Key": "gu:repo",
                  "Value": "guardian/aws-school-app-template",
                },
                {
                  "Key": "Name",
                  "Value": "AwsSchoolAppTemplate/playground-TEST-aws-school-app-template",
                },
                {
                  "Key": "Stack",
                  "Value": "playground",
                },
                {
                  "Key": "Stage",
                  "Value": "TEST",
                },
              ],
            },
            {
              "ResourceType": "volume",
              "Tags": [
                {
                  "Key": "gu:cdk:version",
                  "Value": "TEST",
                },
                {
                  "Key": "gu:repo",
                  "Value": "guardian/aws-school-app-template",
                },
                {
                  "Key": "Name",
                  "Value": "AwsSchoolAppTemplate/playground-TEST-aws-school-app-template",
                },
                {
                  "Key": "Stack",
                  "Value": "playground",
                },
                {
                  "Key": "Stage",
                  "Value": "TEST",
                },
              ],
            },
          ],
          "UserData": {
            "Fn::Base64": {
              "Fn::Join": [
                "",
                [
                  "#!/bin/bash
mkdir -p $(dirname '/aws-school-app-template/aws-school-app-template_1.0_all.deb')
aws s3 cp 's3://",
                  {
                    "Ref": "DistributionBucketName",
                  },
                  "/playground/TEST/aws-school-app-template/aws-school-app-template_1.0_all.deb' '/aws-school-app-template/aws-school-app-template_1.0_all.deb'
dpkg -i aws-school-app-template/aws-school-app-template_1.0_all.deb",
                ],
              ],
            },
          },
        },
        "TagSpecifications": [
          {
            "ResourceType": "launch-template",
            "Tags": [
              {
                "Key": "gu:cdk:version",
                "Value": "TEST",
              },
              {
                "Key": "gu:repo",
                "Value": "guardian/aws-school-app-template",
              },
              {
                "Key": "Name",
                "Value": "AwsSchoolAppTemplate/playground-TEST-aws-school-app-template",
              },
              {
                "Key": "Stack",
                "Value": "playground",
              },
              {
                "Key": "Stage",
                "Value": "TEST",
              },
            ],
          },
        ],
      },
      "Type": "AWS::EC2::LaunchTemplate",
    },
    "playgroundTESTawsschoolapptemplateProfile10DFD863": {
      "Properties": {
        "Roles": [
          {
            "Ref": "InstanceRoleAwsschoolapptemplate25CCC0C2",
          },
        ],
      },
      "Type": "AWS::IAM::InstanceProfile",
    },
  },
}
`;
